bun test v1.2.23 (cf136713)

server/tests/alerts.test.ts:
Error sending alert email: DNSException: getaddrinfo ENOTFOUND
 syscall: "getaddrinfo",
   errno: 4,
 command: "CONN",
    code: "EDNS"


(pass) AlertService (Integration) > should trigger price ABOVE alert [70.87ms]
(pass) AlertService (Integration) > should NOT trigger if condition not met [11.80ms]

server/tests/auth.test.ts:
(pass) TwoFactorService (Integration) > should generate valid secret and URI [5.55ms]
(pass) TwoFactorService (Integration) > should verify a valid TOTP code [2.76ms]
(pass) TwoFactorService (Integration) > should reject an invalid TOTP code [1.55ms]
(pass) TwoFactorService (Integration) > should generate 10 backup codes [0.51ms]
(pass) TwoFactorService (Integration) > should verify backup code correctly [12.30ms]

server/tests/market.test.ts:
DEBUG: Cache Row: [
  {
    key: "quote:AAPL",
    data: {
      c: 150,
      name: "Apple Inc",
      state: "REGULAR",
      currency: "USD",
      exchange: "NASDAQ",
      lastUpdated: 1767216559381,
    },
    expires_at: 2025-12-31T22:29:19.381Z,
    created_at: 2025-12-31T21:29:19.381Z,
  }, count: 1, state: {
    pid: 8862,
    secret: 54267496,
  }, command: "SELECT", columns: [
    {
      name: "key",
      parser: undefined,
      table: 16607,
      number: 1,
      type: 25,
    }, {
      name: "data",
      parser: [Function: parse],
      table: 16607,
      number: 2,
      type: 3802,
    }, {
      name: "expires_at",
      parser: [Function: parse],
      table: 16607,
      number: 3,
      type: 1184,
    }, {
      name: "created_at",
      parser: [Function: parse],
      table: 16607,
      number: 4,
      type: 1184,
    }
  ], statement: {
    string: "SELECT * FROM market_cache WHERE key = $1",
    types: [ 25 ],
    name: "bdhx4dpl3wo21",
    columns: [
      [Object ...], [Object ...], [Object ...], [Object ...]
    ],
  }
]
(pass) MarketDataService (Integration) > should return cached quote if present in DB [9.69ms]
(pass) MarketDataService (Integration) > should fetch from API if cache misses and save to DB [5.34ms]
Yahoo API Fetch Error 404 for INVALID: Not Found
(pass) MarketDataService (Integration) > should handle API failure gracefully [5.95ms]

server/tests/password_reset.test.ts:
[Setup] Initializing test user: reset_test@example.com
[Setup] User created successfully: 1b9b67eb-aa0e-4ad4-8f21-1128dbdee3a2
(pass) Password Reset Flow > should generate a token for valid email [1593.72ms]
(pass) Password Reset Flow > should NOT reveal if email does not exist [1.03ms]
(pass) Password Reset Flow > should reset password with valid token [99.02ms]
(pass) Password Reset Flow > should reject invalid token [0.87ms]
(pass) Password Reset Flow > should reject expired token [1.73ms]

server/tests/pnl.service.test.ts:
789 |     query.execute()
790 |   }
791 | 
792 |   function ErrorResponse(x) {
793 |     query && (query.cursorFn || query.describeFirst) && write(Sync)
794 |     const error = Errors.postgres(parseError(x))
                               ^
PostgresError: column "quantity" of relation "transactions" does not exist
 severity_local: "ERROR",
   severity: "ERROR",
   position: "68",
       file: "parse_target.c",
    routine: "checkInsertTargets",
       code: "42703"

      at ErrorResponse (/app/node_modules/postgres/src/connection.js:794:26)
      at handle (/app/node_modules/postgres/src/connection.js:750:36)
      at data (/app/node_modules/postgres/src/connection.js:452:3)
      at emit (node:events:95:22)
      at addChunk (internal:streams/readable:265:47)
      at readableAddChunkPushByteMode (internal:streams/readable:243:18)
      at data (node:net:296:52)
      at cachedError (/app/node_modules/postgres/src/query.js:170:27)
      at new Query (/app/node_modules/postgres/src/query.js:53:17)
      at sql (/app/node_modules/postgres/src/index.js:151:10)
      at /app/server/tests/pnl.service.test.ts:38:10
      at processTicksAndRejections (native:7:39)
(fail) PnL Service (Exact Calculation) > should calculate Average Price correctly including Fees [6.72ms]
789 |     query.execute()
790 |   }
791 | 
792 |   function ErrorResponse(x) {
793 |     query && (query.cursorFn || query.describeFirst) && write(Sync)
794 |     const error = Errors.postgres(parseError(x))
                               ^
PostgresError: column "quantity" of relation "transactions" does not exist
 severity_local: "ERROR",
   severity: "ERROR",
   position: "68",
       file: "parse_target.c",
    routine: "checkInsertTargets",
       code: "42703"

      at ErrorResponse (/app/node_modules/postgres/src/connection.js:794:26)
      at handle (/app/node_modules/postgres/src/connection.js:750:36)
      at data (/app/node_modules/postgres/src/connection.js:452:3)
      at emit (node:events:95:22)
      at addChunk (internal:streams/readable:265:47)
      at readableAddChunkPushByteMode (internal:streams/readable:243:18)
      at data (node:net:296:52)
      at cachedError (/app/node_modules/postgres/src/query.js:170:27)
      at new Query (/app/node_modules/postgres/src/query.js:53:17)
      at sql (/app/node_modules/postgres/src/index.js:151:10)
      at /app/server/tests/pnl.service.test.ts:112:19
      at processTicksAndRejections (native:7:39)
(fail) PnL Service (Exact Calculation) > should update Average Price on subsequent BUYs (Weighted Average) [18.96ms]
(pass) PnL Service (Exact Calculation) > should calculate exact Unrealized PnL in EUR [0.29ms]
(pass) PnL Service (Exact Calculation) > should handle multiple positions and currencies [0.05ms]
(pass) PnL Service (Exact Calculation) > should handle floating point precision (rounding) [0.03ms]

server/tests/pnl.test.ts:
789 |     query.execute()
790 |   }
791 | 
792 |   function ErrorResponse(x) {
793 |     query && (query.cursorFn || query.describeFirst) && write(Sync)
794 |     const error = Errors.postgres(parseError(x))
                               ^
PostgresError: column "quantity" of relation "transactions" does not exist
 severity_local: "ERROR",
   severity: "ERROR",
   position: "68",
       file: "parse_target.c",
    routine: "checkInsertTargets",
       code: "42703"

      at ErrorResponse (/app/node_modules/postgres/src/connection.js:794:26)
      at handle (/app/node_modules/postgres/src/connection.js:750:36)
      at data (/app/node_modules/postgres/src/connection.js:452:3)
      at emit (node:events:95:22)
      at addChunk (internal:streams/readable:265:47)
      at readableAddChunkPushByteMode (internal:streams/readable:243:18)
      at data (node:net:296:52)
      at cachedError (/app/node_modules/postgres/src/query.js:170:27)
      at new Query (/app/node_modules/postgres/src/query.js:53:17)
      at sql (/app/node_modules/postgres/src/index.js:151:10)
      at /app/server/tests/pnl.test.ts:50:15
      at processTicksAndRejections (native:7:39)
789 |     query.execute()
790 |   }
791 | 
792 |   function ErrorResponse(x) {
793 |     query && (query.cursorFn || query.describeFirst) && write(Sync)
794 |     const error = Errors.postgres(parseError(x))
                               ^
PostgresError: syntax error at or near "CASCADE"
 severity_local: "ERROR",
   severity: "ERROR",
   position: "33",
       file: "scan.l",
    routine: "scanner_yyerror",
       code: "42601"

      at ErrorResponse (/app/node_modules/postgres/src/connection.js:794:26)
      at handle (/app/node_modules/postgres/src/connection.js:750:36)
      at data (/app/node_modules/postgres/src/connection.js:452:3)
      at emit (node:events:95:22)
      at addChunk (internal:streams/readable:265:47)
      at readableAddChunkPushByteMode (internal:streams/readable:243:18)
      at data (node:net:296:52)
      at cachedError (/app/node_modules/postgres/src/query.js:170:27)
      at new Query (/app/node_modules/postgres/src/query.js:53:17)
      at sql (/app/node_modules/postgres/src/index.js:151:10)
      at /app/server/tests/pnl.test.ts:57:21
      at /app/server/tests/pnl.test.ts:52:23
(fail) PnL Job Logic (Integration) > should calculate logic flow correctly [7.80ms]

server/tests/portfolio.logic.test.ts:
40 | 
41 |         // Check Position
42 |         const [pos] = await sql`SELECT * FROM positions WHERE portfolio_id = ${portId} AND ticker = 'AAPL'`;
43 | 
44 |         expect(pos).toBeDefined();
45 |         expect(pos.quantity).toBe(10);
                                  ^
error: expect(received).toBe(expected)

Expected: 10
Received: "10.00000000"

      at <anonymous> (/app/server/tests/portfolio.logic.test.ts:45:30)
789 |     query.execute()
790 |   }
791 | 
792 |   function ErrorResponse(x) {
793 |     query && (query.cursorFn || query.describeFirst) && write(Sync)
794 |     const error = Errors.postgres(parseError(x))
                               ^
PostgresError: syntax error at or near "CASCADE"
 severity_local: "ERROR",
   severity: "ERROR",
   position: "33",
       file: "scan.l",
    routine: "scanner_yyerror",
       code: "42601"

      at ErrorResponse (/app/node_modules/postgres/src/connection.js:794:26)
      at handle (/app/node_modules/postgres/src/connection.js:750:36)
      at data (/app/node_modules/postgres/src/connection.js:452:3)
      at emit (node:events:95:22)
      at addChunk (internal:streams/readable:265:47)
      at readableAddChunkPushByteMode (internal:streams/readable:243:18)
      at data (node:net:296:52)
      at cachedError (/app/node_modules/postgres/src/query.js:170:27)
      at new Query (/app/node_modules/postgres/src/query.js:53:17)
      at sql (/app/node_modules/postgres/src/index.js:151:10)
      at /app/server/tests/portfolio.logic.test.ts:47:23
      at /app/server/tests/portfolio.logic.test.ts:44:19
(fail) PortfolioService Logic (Integration) > should calculate effective price correctly for INITIAL BUY with commission [15.95ms]
789 |     query.execute()
790 |   }
791 | 
792 |   function ErrorResponse(x) {
793 |     query && (query.cursorFn || query.describeFirst) && write(Sync)
794 |     const error = Errors.postgres(parseError(x))
                               ^
PostgresError: syntax error at or near "CASCADE"
 severity_local: "ERROR",
   severity: "ERROR",
   position: "33",
       file: "scan.l",
    routine: "scanner_yyerror",
       code: "42601"

      at ErrorResponse (/app/node_modules/postgres/src/connection.js:794:26)
      at handle (/app/node_modules/postgres/src/connection.js:750:36)
      at data (/app/node_modules/postgres/src/connection.js:452:3)
      at emit (node:events:95:22)
      at addChunk (internal:streams/readable:265:47)
      at readableAddChunkPushByteMode (internal:streams/readable:243:18)
      at data (node:net:296:52)
      at cachedError (/app/node_modules/postgres/src/query.js:170:27)
      at new Query (/app/node_modules/postgres/src/query.js:53:17)
      at sql (/app/node_modules/postgres/src/index.js:151:10)
      at /app/server/tests/portfolio.logic.test.ts:47:23
      at /app/server/tests/portfolio.logic.test.ts:44:19
(fail) PortfolioService Logic (Integration) > should calculate WEIGHTED AVERAGE price correctly for ADDING to position [21.62ms]
789 |     query.execute()
790 |   }
791 | 
792 |   function ErrorResponse(x) {
793 |     query && (query.cursorFn || query.describeFirst) && write(Sync)
794 |     const error = Errors.postgres(parseError(x))
                               ^
PostgresError: syntax error at or near "CASCADE"
 severity_local: "ERROR",
   severity: "ERROR",
   position: "33",
       file: "scan.l",
    routine: "scanner_yyerror",
       code: "42601"

      at ErrorResponse (/app/node_modules/postgres/src/connection.js:794:26)
      at handle (/app/node_modules/postgres/src/connection.js:750:36)
      at data (/app/node_modules/postgres/src/connection.js:452:3)
      at emit (node:events:95:22)
      at addChunk (internal:streams/readable:265:47)
      at readableAddChunkPushByteMode (internal:streams/readable:243:18)
      at data (node:net:296:52)
      at cachedError (/app/node_modules/postgres/src/query.js:170:27)
      at new Query (/app/node_modules/postgres/src/query.js:53:17)
      at sql (/app/node_modules/postgres/src/index.js:151:10)
      at /app/server/tests/portfolio.logic.test.ts:47:23
      at /app/server/tests/portfolio.logic.test.ts:44:19
(fail) PortfolioService Logic (Integration) > should NOT change average price on SELL, only quantity [9.88ms]
789 |     query.execute()
790 |   }
791 | 
792 |   function ErrorResponse(x) {
793 |     query && (query.cursorFn || query.describeFirst) && write(Sync)
794 |     const error = Errors.postgres(parseError(x))
                               ^
PostgresError: syntax error at or near "CASCADE"
 severity_local: "ERROR",
   severity: "ERROR",
   position: "33",
       file: "scan.l",
    routine: "scanner_yyerror",
       code: "42601"

      at ErrorResponse (/app/node_modules/postgres/src/connection.js:794:26)
      at handle (/app/node_modules/postgres/src/connection.js:750:36)
      at data (/app/node_modules/postgres/src/connection.js:452:3)
      at emit (node:events:95:22)
      at addChunk (internal:streams/readable:265:47)
      at readableAddChunkPushByteMode (internal:streams/readable:243:18)
      at data (node:net:296:52)
      at cachedError (/app/node_modules/postgres/src/query.js:170:27)
      at new Query (/app/node_modules/postgres/src/query.js:53:17)
      at sql (/app/node_modules/postgres/src/index.js:151:10)
      at /app/server/tests/portfolio.logic.test.ts:47:23
      at /app/server/tests/portfolio.logic.test.ts:44:19
(fail) PortfolioService Logic (Integration) > should throw error if selling more than owned [11.70ms]

server/tests/portfolio.test.ts:
(pass) Portfolio Logic > placeholder for future PortfolioService tests [0.03ms]

 19 pass
 7 fail
 48 expect() calls
Ran 26 tests across 8 files. [2.24s]
